mode: set
github.com/lmzuccarelli/golang-oci-mirror/pkg/config/defaults.go:9.52,11.2 1 1
github.com/lmzuccarelli/golang-oci-mirror/pkg/config/defaults.go:13.72,14.91 1 1
github.com/lmzuccarelli/golang-oci-mirror/pkg/config/defaults.go:14.91,16.3 1 1
github.com/lmzuccarelli/golang-oci-mirror/pkg/config/load.go:22.82,25.16 2 0
github.com/lmzuccarelli/golang-oci-mirror/pkg/config/load.go:28.2,30.16 2 0
github.com/lmzuccarelli/golang-oci-mirror/pkg/config/load.go:34.2,34.37 1 0
github.com/lmzuccarelli/golang-oci-mirror/pkg/config/load.go:44.2,46.24 2 0
github.com/lmzuccarelli/golang-oci-mirror/pkg/config/load.go:25.16,27.3 1 0
github.com/lmzuccarelli/golang-oci-mirror/pkg/config/load.go:30.16,32.3 1 0
github.com/lmzuccarelli/golang-oci-mirror/pkg/config/load.go:35.74,37.17 2 0
github.com/lmzuccarelli/golang-oci-mirror/pkg/config/load.go:40.10,41.85 1 0
github.com/lmzuccarelli/golang-oci-mirror/pkg/config/load.go:37.17,39.4 1 0
github.com/lmzuccarelli/golang-oci-mirror/pkg/config/load.go:50.76,54.51 2 1
github.com/lmzuccarelli/golang-oci-mirror/pkg/config/load.go:58.2,60.39 3 1
github.com/lmzuccarelli/golang-oci-mirror/pkg/config/load.go:64.2,66.15 2 1
github.com/lmzuccarelli/golang-oci-mirror/pkg/config/load.go:54.51,56.3 1 0
github.com/lmzuccarelli/golang-oci-mirror/pkg/config/load.go:60.39,62.3 1 1
github.com/lmzuccarelli/golang-oci-mirror/pkg/config/load.go:70.65,76.39 4 1
github.com/lmzuccarelli/golang-oci-mirror/pkg/config/load.go:80.2,82.15 2 1
github.com/lmzuccarelli/golang-oci-mirror/pkg/config/load.go:76.39,78.3 1 1
github.com/lmzuccarelli/golang-oci-mirror/pkg/config/load.go:85.69,86.56 1 0
github.com/lmzuccarelli/golang-oci-mirror/pkg/config/load.go:89.2,89.22 1 0
github.com/lmzuccarelli/golang-oci-mirror/pkg/config/load.go:86.56,88.3 1 0
github.com/lmzuccarelli/golang-oci-mirror/pkg/config/validate.go:16.58,18.41 2 1
github.com/lmzuccarelli/golang-oci-mirror/pkg/config/validate.go:23.2,23.38 1 1
github.com/lmzuccarelli/golang-oci-mirror/pkg/config/validate.go:18.41,19.36 1 1
github.com/lmzuccarelli/golang-oci-mirror/pkg/config/validate.go:19.36,21.4 1 1
github.com/lmzuccarelli/golang-oci-mirror/pkg/config/validate.go:26.73,28.44 2 1
github.com/lmzuccarelli/golang-oci-mirror/pkg/config/validate.go:40.2,40.12 1 1
github.com/lmzuccarelli/golang-oci-mirror/pkg/config/validate.go:28.44,30.17 2 1
github.com/lmzuccarelli/golang-oci-mirror/pkg/config/validate.go:33.3,33.21 1 1
github.com/lmzuccarelli/golang-oci-mirror/pkg/config/validate.go:38.3,38.24 1 1
github.com/lmzuccarelli/golang-oci-mirror/pkg/config/validate.go:30.17,32.4 1 0
github.com/lmzuccarelli/golang-oci-mirror/pkg/config/validate.go:33.21,37.4 1 1
github.com/lmzuccarelli/golang-oci-mirror/pkg/config/validate.go:43.73,45.55 2 1
github.com/lmzuccarelli/golang-oci-mirror/pkg/config/validate.go:53.2,53.12 1 1
github.com/lmzuccarelli/golang-oci-mirror/pkg/config/validate.go:45.55,46.25 1 1
github.com/lmzuccarelli/golang-oci-mirror/pkg/config/validate.go:51.3,51.28 1 1
github.com/lmzuccarelli/golang-oci-mirror/pkg/config/validate.go:46.25,50.4 1 1
github.com/lmzuccarelli/golang-oci-mirror/pkg/cincinnati/client.go:32.49,34.88 2 1
github.com/lmzuccarelli/golang-oci-mirror/pkg/cincinnati/client.go:40.2,41.16 2 1
github.com/lmzuccarelli/golang-oci-mirror/pkg/cincinnati/client.go:45.2,46.16 2 1
github.com/lmzuccarelli/golang-oci-mirror/pkg/cincinnati/client.go:50.2,54.70 2 1
github.com/lmzuccarelli/golang-oci-mirror/pkg/cincinnati/client.go:34.88,37.3 2 0
github.com/lmzuccarelli/golang-oci-mirror/pkg/cincinnati/client.go:37.8,39.3 1 1
github.com/lmzuccarelli/golang-oci-mirror/pkg/cincinnati/client.go:41.16,43.3 1 0
github.com/lmzuccarelli/golang-oci-mirror/pkg/cincinnati/client.go:46.16,48.3 1 0
github.com/lmzuccarelli/golang-oci-mirror/pkg/cincinnati/client.go:57.39,59.2 1 1
github.com/lmzuccarelli/golang-oci-mirror/pkg/cincinnati/client.go:61.52,63.2 1 0
github.com/lmzuccarelli/golang-oci-mirror/pkg/cincinnati/client.go:65.39,67.2 1 1
github.com/lmzuccarelli/golang-oci-mirror/pkg/cincinnati/client.go:69.67,77.33 4 1
github.com/lmzuccarelli/golang-oci-mirror/pkg/cincinnati/client.go:82.2,82.39 1 1
github.com/lmzuccarelli/golang-oci-mirror/pkg/cincinnati/client.go:77.33,78.18 1 1
github.com/lmzuccarelli/golang-oci-mirror/pkg/cincinnati/client.go:78.18,80.4 1 1
github.com/lmzuccarelli/golang-oci-mirror/pkg/cincinnati/client.go:94.49,96.16 2 1
github.com/lmzuccarelli/golang-oci-mirror/pkg/cincinnati/client.go:100.2,101.16 2 1
github.com/lmzuccarelli/golang-oci-mirror/pkg/cincinnati/client.go:105.2,109.70 2 1
github.com/lmzuccarelli/golang-oci-mirror/pkg/cincinnati/client.go:96.16,98.3 1 0
github.com/lmzuccarelli/golang-oci-mirror/pkg/cincinnati/client.go:101.16,103.3 1 0
github.com/lmzuccarelli/golang-oci-mirror/pkg/cincinnati/client.go:112.39,114.2 1 1
github.com/lmzuccarelli/golang-oci-mirror/pkg/cincinnati/client.go:116.39,118.2 1 1
github.com/lmzuccarelli/golang-oci-mirror/pkg/cincinnati/client.go:120.52,122.2 1 0
github.com/lmzuccarelli/golang-oci-mirror/pkg/cincinnati/client.go:124.53,126.2 0 1
github.com/lmzuccarelli/golang-oci-mirror/pkg/cincinnati/client.go:128.42,130.16 2 1
github.com/lmzuccarelli/golang-oci-mirror/pkg/cincinnati/client.go:133.2,137.20 2 1
github.com/lmzuccarelli/golang-oci-mirror/pkg/cincinnati/client.go:130.16,132.3 1 0
github.com/lmzuccarelli/golang-oci-mirror/pkg/cincinnati/find.go:16.96,18.16 2 1
github.com/lmzuccarelli/golang-oci-mirror/pkg/cincinnati/find.go:22.2,23.22 2 1
github.com/lmzuccarelli/golang-oci-mirror/pkg/cincinnati/find.go:26.2,26.9 1 1
github.com/lmzuccarelli/golang-oci-mirror/pkg/cincinnati/find.go:36.2,36.56 1 1
github.com/lmzuccarelli/golang-oci-mirror/pkg/cincinnati/find.go:18.16,20.3 1 1
github.com/lmzuccarelli/golang-oci-mirror/pkg/cincinnati/find.go:23.22,25.3 1 1
github.com/lmzuccarelli/golang-oci-mirror/pkg/cincinnati/find.go:26.9,27.40 1 1
github.com/lmzuccarelli/golang-oci-mirror/pkg/cincinnati/find.go:27.40,29.4 1 1
github.com/lmzuccarelli/golang-oci-mirror/pkg/cincinnati/find.go:30.8,31.40 1 1
github.com/lmzuccarelli/golang-oci-mirror/pkg/cincinnati/find.go:31.40,33.4 1 1
github.com/lmzuccarelli/golang-oci-mirror/pkg/cincinnati/find.go:39.100,41.24 2 1
github.com/lmzuccarelli/golang-oci-mirror/pkg/cincinnati/find.go:45.2,45.30 1 1
github.com/lmzuccarelli/golang-oci-mirror/pkg/cincinnati/find.go:58.2,58.18 1 1
github.com/lmzuccarelli/golang-oci-mirror/pkg/cincinnati/find.go:41.24,43.3 1 1
github.com/lmzuccarelli/golang-oci-mirror/pkg/cincinnati/find.go:45.30,48.10 2 1
github.com/lmzuccarelli/golang-oci-mirror/pkg/cincinnati/find.go:51.3,52.17 2 1
github.com/lmzuccarelli/golang-oci-mirror/pkg/cincinnati/find.go:55.3,55.28 1 1
github.com/lmzuccarelli/golang-oci-mirror/pkg/cincinnati/find.go:48.10,50.4 1 1
github.com/lmzuccarelli/golang-oci-mirror/pkg/cincinnati/find.go:52.17,54.4 1 0
github.com/lmzuccarelli/golang-oci-mirror/pkg/cincinnati/cincinnati.go:45.34,47.2 1 1
github.com/lmzuccarelli/golang-oci-mirror/pkg/cincinnati/cincinnati.go:56.158,63.16 5 1
github.com/lmzuccarelli/golang-oci-mirror/pkg/cincinnati/cincinnati.go:72.2,74.35 3 1
github.com/lmzuccarelli/golang-oci-mirror/pkg/cincinnati/cincinnati.go:82.2,82.12 1 1
github.com/lmzuccarelli/golang-oci-mirror/pkg/cincinnati/cincinnati.go:89.2,91.35 3 1
github.com/lmzuccarelli/golang-oci-mirror/pkg/cincinnati/cincinnati.go:99.2,99.12 1 1
github.com/lmzuccarelli/golang-oci-mirror/pkg/cincinnati/cincinnati.go:106.2,107.35 2 1
github.com/lmzuccarelli/golang-oci-mirror/pkg/cincinnati/cincinnati.go:112.2,112.50 1 1
github.com/lmzuccarelli/golang-oci-mirror/pkg/cincinnati/cincinnati.go:119.2,119.62 1 1
github.com/lmzuccarelli/golang-oci-mirror/pkg/cincinnati/cincinnati.go:160.2,163.29 3 1
github.com/lmzuccarelli/golang-oci-mirror/pkg/cincinnati/cincinnati.go:167.2,167.41 1 1
github.com/lmzuccarelli/golang-oci-mirror/pkg/cincinnati/cincinnati.go:63.16,69.3 1 0
github.com/lmzuccarelli/golang-oci-mirror/pkg/cincinnati/cincinnati.go:74.35,75.31 1 1
github.com/lmzuccarelli/golang-oci-mirror/pkg/cincinnati/cincinnati.go:75.31,79.9 4 1
github.com/lmzuccarelli/golang-oci-mirror/pkg/cincinnati/cincinnati.go:82.12,87.3 1 1
github.com/lmzuccarelli/golang-oci-mirror/pkg/cincinnati/cincinnati.go:91.35,92.30 1 1
github.com/lmzuccarelli/golang-oci-mirror/pkg/cincinnati/cincinnati.go:92.30,96.9 4 1
github.com/lmzuccarelli/golang-oci-mirror/pkg/cincinnati/cincinnati.go:99.12,104.3 1 1
github.com/lmzuccarelli/golang-oci-mirror/pkg/cincinnati/cincinnati.go:107.35,109.3 1 1
github.com/lmzuccarelli/golang-oci-mirror/pkg/cincinnati/cincinnati.go:112.50,113.48 1 1
github.com/lmzuccarelli/golang-oci-mirror/pkg/cincinnati/cincinnati.go:116.3,116.39 1 1
github.com/lmzuccarelli/golang-oci-mirror/pkg/cincinnati/cincinnati.go:113.48,115.4 1 1
github.com/lmzuccarelli/golang-oci-mirror/pkg/cincinnati/cincinnati.go:119.62,126.22 6 1
github.com/lmzuccarelli/golang-oci-mirror/pkg/cincinnati/cincinnati.go:143.3,143.33 1 1
github.com/lmzuccarelli/golang-oci-mirror/pkg/cincinnati/cincinnati.go:147.3,148.56 2 1
github.com/lmzuccarelli/golang-oci-mirror/pkg/cincinnati/cincinnati.go:153.3,153.54 1 1
github.com/lmzuccarelli/golang-oci-mirror/pkg/cincinnati/cincinnati.go:157.3,157.14 1 1
github.com/lmzuccarelli/golang-oci-mirror/pkg/cincinnati/cincinnati.go:126.22,129.19 3 1
github.com/lmzuccarelli/golang-oci-mirror/pkg/cincinnati/cincinnati.go:133.4,133.37 1 1
github.com/lmzuccarelli/golang-oci-mirror/pkg/cincinnati/cincinnati.go:129.19,130.10 1 1
github.com/lmzuccarelli/golang-oci-mirror/pkg/cincinnati/cincinnati.go:133.37,134.40 1 1
github.com/lmzuccarelli/golang-oci-mirror/pkg/cincinnati/cincinnati.go:134.40,138.6 3 1
github.com/lmzuccarelli/golang-oci-mirror/pkg/cincinnati/cincinnati.go:143.33,145.4 1 1
github.com/lmzuccarelli/golang-oci-mirror/pkg/cincinnati/cincinnati.go:148.56,150.4 1 1
github.com/lmzuccarelli/golang-oci-mirror/pkg/cincinnati/cincinnati.go:153.54,155.4 1 1
github.com/lmzuccarelli/golang-oci-mirror/pkg/cincinnati/cincinnati.go:163.29,165.3 1 1
github.com/lmzuccarelli/golang-oci-mirror/pkg/cincinnati/cincinnati.go:172.165,173.36 1 1
github.com/lmzuccarelli/golang-oci-mirror/pkg/cincinnati/cincinnati.go:179.2,180.16 2 1
github.com/lmzuccarelli/golang-oci-mirror/pkg/cincinnati/cincinnati.go:183.2,183.23 1 1
github.com/lmzuccarelli/golang-oci-mirror/pkg/cincinnati/cincinnati.go:200.2,201.16 2 1
github.com/lmzuccarelli/golang-oci-mirror/pkg/cincinnati/cincinnati.go:204.2,205.16 2 1
github.com/lmzuccarelli/golang-oci-mirror/pkg/cincinnati/cincinnati.go:209.2,210.16 2 1
github.com/lmzuccarelli/golang-oci-mirror/pkg/cincinnati/cincinnati.go:213.2,217.35 4 1
github.com/lmzuccarelli/golang-oci-mirror/pkg/cincinnati/cincinnati.go:224.2,224.47 1 1
github.com/lmzuccarelli/golang-oci-mirror/pkg/cincinnati/cincinnati.go:173.36,175.3 1 0
github.com/lmzuccarelli/golang-oci-mirror/pkg/cincinnati/cincinnati.go:180.16,182.3 1 0
github.com/lmzuccarelli/golang-oci-mirror/pkg/cincinnati/cincinnati.go:183.23,185.17 2 1
github.com/lmzuccarelli/golang-oci-mirror/pkg/cincinnati/cincinnati.go:188.3,188.16 1 1
github.com/lmzuccarelli/golang-oci-mirror/pkg/cincinnati/cincinnati.go:194.3,194.67 1 1
github.com/lmzuccarelli/golang-oci-mirror/pkg/cincinnati/cincinnati.go:185.17,187.4 1 0
github.com/lmzuccarelli/golang-oci-mirror/pkg/cincinnati/cincinnati.go:188.16,193.4 2 0
github.com/lmzuccarelli/golang-oci-mirror/pkg/cincinnati/cincinnati.go:201.16,203.3 1 0
github.com/lmzuccarelli/golang-oci-mirror/pkg/cincinnati/cincinnati.go:205.16,207.3 1 1
github.com/lmzuccarelli/golang-oci-mirror/pkg/cincinnati/cincinnati.go:210.16,212.3 1 1
github.com/lmzuccarelli/golang-oci-mirror/pkg/cincinnati/cincinnati.go:217.35,218.40 1 1
github.com/lmzuccarelli/golang-oci-mirror/pkg/cincinnati/cincinnati.go:218.40,221.4 2 1
github.com/lmzuccarelli/golang-oci-mirror/pkg/cincinnati/cincinnati.go:229.172,231.16 2 1
github.com/lmzuccarelli/golang-oci-mirror/pkg/cincinnati/cincinnati.go:236.2,240.23 4 1
github.com/lmzuccarelli/golang-oci-mirror/pkg/cincinnati/cincinnati.go:254.2,255.16 2 1
github.com/lmzuccarelli/golang-oci-mirror/pkg/cincinnati/cincinnati.go:258.2,258.15 1 1
github.com/lmzuccarelli/golang-oci-mirror/pkg/cincinnati/cincinnati.go:267.2,269.16 3 1
github.com/lmzuccarelli/golang-oci-mirror/pkg/cincinnati/cincinnati.go:273.2,273.23 1 1
github.com/lmzuccarelli/golang-oci-mirror/pkg/cincinnati/cincinnati.go:277.2,278.16 2 1
github.com/lmzuccarelli/golang-oci-mirror/pkg/cincinnati/cincinnati.go:281.2,284.33 3 1
github.com/lmzuccarelli/golang-oci-mirror/pkg/cincinnati/cincinnati.go:231.16,233.3 1 0
github.com/lmzuccarelli/golang-oci-mirror/pkg/cincinnati/cincinnati.go:240.23,247.3 2 1
github.com/lmzuccarelli/golang-oci-mirror/pkg/cincinnati/cincinnati.go:247.8,249.17 2 1
github.com/lmzuccarelli/golang-oci-mirror/pkg/cincinnati/cincinnati.go:249.17,251.4 1 0
github.com/lmzuccarelli/golang-oci-mirror/pkg/cincinnati/cincinnati.go:255.16,257.3 1 0
github.com/lmzuccarelli/golang-oci-mirror/pkg/cincinnati/cincinnati.go:258.15,265.3 3 1
github.com/lmzuccarelli/golang-oci-mirror/pkg/cincinnati/cincinnati.go:269.16,271.3 1 0
github.com/lmzuccarelli/golang-oci-mirror/pkg/cincinnati/cincinnati.go:273.23,275.3 1 1
github.com/lmzuccarelli/golang-oci-mirror/pkg/cincinnati/cincinnati.go:278.16,280.3 1 0
github.com/lmzuccarelli/golang-oci-mirror/pkg/cincinnati/cincinnati.go:289.123,291.16 2 1
github.com/lmzuccarelli/golang-oci-mirror/pkg/cincinnati/cincinnati.go:294.2,294.33 1 1
github.com/lmzuccarelli/golang-oci-mirror/pkg/cincinnati/cincinnati.go:299.2,299.18 1 1
github.com/lmzuccarelli/golang-oci-mirror/pkg/cincinnati/cincinnati.go:291.16,293.3 1 0
github.com/lmzuccarelli/golang-oci-mirror/pkg/cincinnati/cincinnati.go:294.33,295.21 1 1
github.com/lmzuccarelli/golang-oci-mirror/pkg/cincinnati/cincinnati.go:295.21,297.4 1 1
github.com/lmzuccarelli/golang-oci-mirror/pkg/cincinnati/cincinnati.go:304.123,307.21 2 1
github.com/lmzuccarelli/golang-oci-mirror/pkg/cincinnati/cincinnati.go:310.2,311.21 2 1
github.com/lmzuccarelli/golang-oci-mirror/pkg/cincinnati/cincinnati.go:314.2,315.16 2 1
github.com/lmzuccarelli/golang-oci-mirror/pkg/cincinnati/cincinnati.go:318.2,319.16 2 1
github.com/lmzuccarelli/golang-oci-mirror/pkg/cincinnati/cincinnati.go:322.2,323.36 2 1
github.com/lmzuccarelli/golang-oci-mirror/pkg/cincinnati/cincinnati.go:307.21,309.3 1 0
github.com/lmzuccarelli/golang-oci-mirror/pkg/cincinnati/cincinnati.go:311.21,313.3 1 1
github.com/lmzuccarelli/golang-oci-mirror/pkg/cincinnati/cincinnati.go:315.16,317.3 1 0
github.com/lmzuccarelli/golang-oci-mirror/pkg/cincinnati/cincinnati.go:319.16,321.3 1 0
github.com/lmzuccarelli/golang-oci-mirror/pkg/cincinnati/cincinnati.go:328.119,333.16 3 1
github.com/lmzuccarelli/golang-oci-mirror/pkg/cincinnati/cincinnati.go:342.2,343.75 2 1
github.com/lmzuccarelli/golang-oci-mirror/pkg/cincinnati/cincinnati.go:355.2,356.35 2 1
github.com/lmzuccarelli/golang-oci-mirror/pkg/cincinnati/cincinnati.go:362.2,364.20 2 1
github.com/lmzuccarelli/golang-oci-mirror/pkg/cincinnati/cincinnati.go:371.2,371.9 1 1
github.com/lmzuccarelli/golang-oci-mirror/pkg/cincinnati/cincinnati.go:375.2,375.31 1 1
github.com/lmzuccarelli/golang-oci-mirror/pkg/cincinnati/cincinnati.go:333.16,339.3 1 0
github.com/lmzuccarelli/golang-oci-mirror/pkg/cincinnati/cincinnati.go:343.75,346.17 3 0
github.com/lmzuccarelli/golang-oci-mirror/pkg/cincinnati/cincinnati.go:346.17,352.4 1 0
github.com/lmzuccarelli/golang-oci-mirror/pkg/cincinnati/cincinnati.go:356.35,357.81 1 1
github.com/lmzuccarelli/golang-oci-mirror/pkg/cincinnati/cincinnati.go:357.81,359.4 1 1
github.com/lmzuccarelli/golang-oci-mirror/pkg/cincinnati/cincinnati.go:364.20,369.3 1 0
github.com/lmzuccarelli/golang-oci-mirror/pkg/cincinnati/cincinnati.go:371.9,373.3 1 1
github.com/lmzuccarelli/golang-oci-mirror/pkg/cincinnati/cincinnati.go:380.94,385.16 3 0
github.com/lmzuccarelli/golang-oci-mirror/pkg/cincinnati/cincinnati.go:393.2,395.35 2 0
github.com/lmzuccarelli/golang-oci-mirror/pkg/cincinnati/cincinnati.go:403.2,403.22 1 0
github.com/lmzuccarelli/golang-oci-mirror/pkg/cincinnati/cincinnati.go:385.16,391.3 1 0
github.com/lmzuccarelli/golang-oci-mirror/pkg/cincinnati/cincinnati.go:395.35,398.52 2 0
github.com/lmzuccarelli/golang-oci-mirror/pkg/cincinnati/cincinnati.go:398.52,400.4 1 0
github.com/lmzuccarelli/golang-oci-mirror/pkg/cincinnati/cincinnati.go:408.97,413.16 3 1
github.com/lmzuccarelli/golang-oci-mirror/pkg/cincinnati/cincinnati.go:421.2,422.35 2 1
github.com/lmzuccarelli/golang-oci-mirror/pkg/cincinnati/cincinnati.go:427.2,427.20 1 1
github.com/lmzuccarelli/golang-oci-mirror/pkg/cincinnati/cincinnati.go:434.2,436.18 2 1
github.com/lmzuccarelli/golang-oci-mirror/pkg/cincinnati/cincinnati.go:413.16,419.3 1 0
github.com/lmzuccarelli/golang-oci-mirror/pkg/cincinnati/cincinnati.go:422.35,425.3 1 1
github.com/lmzuccarelli/golang-oci-mirror/pkg/cincinnati/cincinnati.go:427.20,432.3 1 1
github.com/lmzuccarelli/golang-oci-mirror/pkg/cincinnati/cincinnati.go:440.121,445.16 3 1
github.com/lmzuccarelli/golang-oci-mirror/pkg/cincinnati/cincinnati.go:454.2,455.35 2 1
github.com/lmzuccarelli/golang-oci-mirror/pkg/cincinnati/cincinnati.go:461.2,461.21 1 1
github.com/lmzuccarelli/golang-oci-mirror/pkg/cincinnati/cincinnati.go:445.16,451.3 1 0
github.com/lmzuccarelli/golang-oci-mirror/pkg/cincinnati/cincinnati.go:455.35,456.32 1 1
github.com/lmzuccarelli/golang-oci-mirror/pkg/cincinnati/cincinnati.go:456.32,458.4 1 1
github.com/lmzuccarelli/golang-oci-mirror/pkg/cincinnati/cincinnati.go:465.75,470.16 4 1
github.com/lmzuccarelli/golang-oci-mirror/pkg/cincinnati/cincinnati.go:473.2,474.58 2 1
github.com/lmzuccarelli/golang-oci-mirror/pkg/cincinnati/cincinnati.go:483.2,483.48 1 1
github.com/lmzuccarelli/golang-oci-mirror/pkg/cincinnati/cincinnati.go:490.2,491.22 2 1
github.com/lmzuccarelli/golang-oci-mirror/pkg/cincinnati/cincinnati.go:494.2,497.16 4 1
github.com/lmzuccarelli/golang-oci-mirror/pkg/cincinnati/cincinnati.go:500.2,502.38 2 1
github.com/lmzuccarelli/golang-oci-mirror/pkg/cincinnati/cincinnati.go:507.2,508.16 2 1
github.com/lmzuccarelli/golang-oci-mirror/pkg/cincinnati/cincinnati.go:512.2,512.52 1 1
github.com/lmzuccarelli/golang-oci-mirror/pkg/cincinnati/cincinnati.go:516.2,516.19 1 1
github.com/lmzuccarelli/golang-oci-mirror/pkg/cincinnati/cincinnati.go:470.16,472.3 1 0
github.com/lmzuccarelli/golang-oci-mirror/pkg/cincinnati/cincinnati.go:474.58,475.56 1 0
github.com/lmzuccarelli/golang-oci-mirror/pkg/cincinnati/cincinnati.go:475.56,477.4 1 0
github.com/lmzuccarelli/golang-oci-mirror/pkg/cincinnati/cincinnati.go:477.9,480.4 1 0
github.com/lmzuccarelli/golang-oci-mirror/pkg/cincinnati/cincinnati.go:483.48,485.33 2 0
github.com/lmzuccarelli/golang-oci-mirror/pkg/cincinnati/cincinnati.go:485.33,487.4 1 0
github.com/lmzuccarelli/golang-oci-mirror/pkg/cincinnati/cincinnati.go:491.22,493.3 1 1
github.com/lmzuccarelli/golang-oci-mirror/pkg/cincinnati/cincinnati.go:497.16,499.3 1 0
github.com/lmzuccarelli/golang-oci-mirror/pkg/cincinnati/cincinnati.go:502.38,504.3 1 0
github.com/lmzuccarelli/golang-oci-mirror/pkg/cincinnati/cincinnati.go:508.16,510.3 1 0
github.com/lmzuccarelli/golang-oci-mirror/pkg/cincinnati/cincinnati.go:512.52,514.3 1 0
github.com/lmzuccarelli/golang-oci-mirror/pkg/cincinnati/cincinnati.go:538.49,540.54 2 1
github.com/lmzuccarelli/golang-oci-mirror/pkg/cincinnati/cincinnati.go:544.2,544.22 1 1
github.com/lmzuccarelli/golang-oci-mirror/pkg/cincinnati/cincinnati.go:548.2,551.12 3 1
github.com/lmzuccarelli/golang-oci-mirror/pkg/cincinnati/cincinnati.go:540.54,542.3 1 0
github.com/lmzuccarelli/golang-oci-mirror/pkg/cincinnati/cincinnati.go:544.22,546.3 1 0
github.com/lmzuccarelli/golang-oci-mirror/pkg/services/executor.go:52.36,68.48 2 0
github.com/lmzuccarelli/golang-oci-mirror/pkg/services/executor.go:75.2,76.12 2 0
github.com/lmzuccarelli/golang-oci-mirror/pkg/services/executor.go:68.48,72.4 2 0
github.com/lmzuccarelli/golang-oci-mirror/pkg/services/executor.go:79.70,89.16 3 0
github.com/lmzuccarelli/golang-oci-mirror/pkg/services/executor.go:92.2,111.44 9 0
github.com/lmzuccarelli/golang-oci-mirror/pkg/services/executor.go:117.2,129.16 4 0
github.com/lmzuccarelli/golang-oci-mirror/pkg/services/executor.go:135.2,135.44 1 0
github.com/lmzuccarelli/golang-oci-mirror/pkg/services/executor.go:144.2,144.35 1 0
github.com/lmzuccarelli/golang-oci-mirror/pkg/services/executor.go:151.2,151.12 1 0
github.com/lmzuccarelli/golang-oci-mirror/pkg/services/executor.go:89.16,91.3 1 0
github.com/lmzuccarelli/golang-oci-mirror/pkg/services/executor.go:111.44,113.3 1 0
github.com/lmzuccarelli/golang-oci-mirror/pkg/services/executor.go:113.8,113.54 1 0
github.com/lmzuccarelli/golang-oci-mirror/pkg/services/executor.go:113.54,115.3 1 0
github.com/lmzuccarelli/golang-oci-mirror/pkg/services/executor.go:129.16,132.3 2 0
github.com/lmzuccarelli/golang-oci-mirror/pkg/services/executor.go:135.44,137.17 2 0
github.com/lmzuccarelli/golang-oci-mirror/pkg/services/executor.go:137.17,140.4 2 0
github.com/lmzuccarelli/golang-oci-mirror/pkg/services/executor.go:144.35,146.17 2 0
github.com/lmzuccarelli/golang-oci-mirror/pkg/services/executor.go:146.17,149.4 2 0
github.com/lmzuccarelli/golang-oci-mirror/pkg/services/executor.go:154.53,155.75 1 0
github.com/lmzuccarelli/golang-oci-mirror/pkg/services/executor.go:158.2,158.76 1 0
github.com/lmzuccarelli/golang-oci-mirror/pkg/services/executor.go:155.75,157.3 1 0
github.com/lmzuccarelli/golang-oci-mirror/pkg/services/operators.go:7.64,10.16 2 0
github.com/lmzuccarelli/golang-oci-mirror/pkg/services/operators.go:13.2,17.25 4 0
github.com/lmzuccarelli/golang-oci-mirror/pkg/services/operators.go:22.2,26.16 3 0
github.com/lmzuccarelli/golang-oci-mirror/pkg/services/operators.go:29.2,29.25 1 0
github.com/lmzuccarelli/golang-oci-mirror/pkg/services/operators.go:38.2,38.12 1 0
github.com/lmzuccarelli/golang-oci-mirror/pkg/services/operators.go:10.16,12.3 1 0
github.com/lmzuccarelli/golang-oci-mirror/pkg/services/operators.go:17.25,19.3 1 0
github.com/lmzuccarelli/golang-oci-mirror/pkg/services/operators.go:19.8,21.3 1 0
github.com/lmzuccarelli/golang-oci-mirror/pkg/services/operators.go:26.16,28.3 1 0
github.com/lmzuccarelli/golang-oci-mirror/pkg/services/operators.go:29.25,34.17 5 0
github.com/lmzuccarelli/golang-oci-mirror/pkg/services/operators.go:34.17,36.4 1 0
github.com/lmzuccarelli/golang-oci-mirror/pkg/services/options.go:28.52,31.45 3 0
github.com/lmzuccarelli/golang-oci-mirror/pkg/services/options.go:31.45,33.3 1 0
github.com/lmzuccarelli/golang-oci-mirror/pkg/services/options.go:36.69,47.16 9 0
github.com/lmzuccarelli/golang-oci-mirror/pkg/services/options.go:51.2,57.20 4 0
github.com/lmzuccarelli/golang-oci-mirror/pkg/services/options.go:68.2,83.28 3 0
github.com/lmzuccarelli/golang-oci-mirror/pkg/services/options.go:47.16,49.3 1 0
github.com/lmzuccarelli/golang-oci-mirror/pkg/services/options.go:58.9,59.33 1 0
github.com/lmzuccarelli/golang-oci-mirror/pkg/services/options.go:60.9,61.34 1 0
github.com/lmzuccarelli/golang-oci-mirror/pkg/services/options.go:62.9,63.34 1 0
github.com/lmzuccarelli/golang-oci-mirror/pkg/services/options.go:64.10,65.34 1 0
github.com/lmzuccarelli/golang-oci-mirror/pkg/services/options.go:83.28,87.3 2 0
github.com/lmzuccarelli/golang-oci-mirror/pkg/services/options.go:91.64,92.29 1 0
github.com/lmzuccarelli/golang-oci-mirror/pkg/services/options.go:92.29,94.3 1 0
github.com/lmzuccarelli/golang-oci-mirror/pkg/services/options.go:97.26,98.16 1 0
github.com/lmzuccarelli/golang-oci-mirror/pkg/services/options.go:98.16,100.3 1 0
github.com/lmzuccarelli/golang-oci-mirror/pkg/services/options.go:135.54,147.2 6 0
github.com/lmzuccarelli/golang-oci-mirror/pkg/services/options.go:149.32,151.2 1 0
github.com/lmzuccarelli/golang-oci-mirror/pkg/services/options.go:155.101,158.12 3 0
github.com/lmzuccarelli/golang-oci-mirror/pkg/services/options.go:165.2,165.20 1 0
github.com/lmzuccarelli/golang-oci-mirror/pkg/services/options.go:158.12,159.10 1 0
github.com/lmzuccarelli/golang-oci-mirror/pkg/services/options.go:160.21,161.12 1 0
github.com/lmzuccarelli/golang-oci-mirror/pkg/services/options.go:162.21,162.21 0 0
github.com/lmzuccarelli/golang-oci-mirror/pkg/services/options.go:170.57,174.12 4 0
github.com/lmzuccarelli/golang-oci-mirror/pkg/services/options.go:180.2,180.17 1 0
github.com/lmzuccarelli/golang-oci-mirror/pkg/services/options.go:174.12,175.7 1 0
github.com/lmzuccarelli/golang-oci-mirror/pkg/services/options.go:175.7,178.4 2 0
github.com/lmzuccarelli/golang-oci-mirror/pkg/services/batch.go:26.107,39.38 10 0
github.com/lmzuccarelli/golang-oci-mirror/pkg/services/batch.go:80.2,80.12 1 0
github.com/lmzuccarelli/golang-oci-mirror/pkg/services/batch.go:39.38,41.43 2 0
github.com/lmzuccarelli/golang-oci-mirror/pkg/services/batch.go:67.3,70.25 4 0
github.com/lmzuccarelli/golang-oci-mirror/pkg/services/batch.go:73.3,73.24 1 0
github.com/lmzuccarelli/golang-oci-mirror/pkg/services/batch.go:41.43,44.18 3 0
github.com/lmzuccarelli/golang-oci-mirror/pkg/services/batch.go:49.4,50.18 2 0
github.com/lmzuccarelli/golang-oci-mirror/pkg/services/batch.go:53.4,59.95 5 0
github.com/lmzuccarelli/golang-oci-mirror/pkg/services/batch.go:44.18,46.13 2 0
github.com/lmzuccarelli/golang-oci-mirror/pkg/services/batch.go:50.18,52.5 1 0
github.com/lmzuccarelli/golang-oci-mirror/pkg/services/batch.go:59.95,62.19 3 0
github.com/lmzuccarelli/golang-oci-mirror/pkg/services/batch.go:62.19,64.6 1 0
github.com/lmzuccarelli/golang-oci-mirror/pkg/services/batch.go:70.25,72.4 1 0
github.com/lmzuccarelli/golang-oci-mirror/pkg/services/batch.go:73.24,74.33 1 0
github.com/lmzuccarelli/golang-oci-mirror/pkg/services/batch.go:77.4,77.63 1 0
github.com/lmzuccarelli/golang-oci-mirror/pkg/services/batch.go:74.33,76.5 1 0
github.com/lmzuccarelli/golang-oci-mirror/pkg/services/batch.go:83.72,87.20 4 0
github.com/lmzuccarelli/golang-oci-mirror/pkg/services/batch.go:90.2,90.37 1 0
github.com/lmzuccarelli/golang-oci-mirror/pkg/services/batch.go:95.2,96.17 2 0
github.com/lmzuccarelli/golang-oci-mirror/pkg/services/batch.go:87.20,89.3 1 0
github.com/lmzuccarelli/golang-oci-mirror/pkg/services/batch.go:90.37,92.3 1 0
github.com/lmzuccarelli/golang-oci-mirror/pkg/services/batch.go:92.8,94.3 1 0
github.com/lmzuccarelli/golang-oci-mirror/pkg/services/channels.go:24.59,29.44 2 0
github.com/lmzuccarelli/golang-oci-mirror/pkg/services/channels.go:32.2,32.16 1 0
github.com/lmzuccarelli/golang-oci-mirror/pkg/services/channels.go:29.44,31.3 1 0
github.com/lmzuccarelli/golang-oci-mirror/pkg/services/channels.go:35.108,44.57 2 0
github.com/lmzuccarelli/golang-oci-mirror/pkg/services/channels.go:143.2,143.25 1 0
github.com/lmzuccarelli/golang-oci-mirror/pkg/services/channels.go:44.57,48.51 2 0
github.com/lmzuccarelli/golang-oci-mirror/pkg/services/channels.go:121.3,121.51 1 0
github.com/lmzuccarelli/golang-oci-mirror/pkg/services/channels.go:128.3,128.44 1 0
github.com/lmzuccarelli/golang-oci-mirror/pkg/services/channels.go:48.51,52.19 3 0
github.com/lmzuccarelli/golang-oci-mirror/pkg/services/channels.go:61.4,61.18 1 0
github.com/lmzuccarelli/golang-oci-mirror/pkg/services/channels.go:66.4,66.58 1 0
github.com/lmzuccarelli/golang-oci-mirror/pkg/services/channels.go:110.4,111.18 2 0
github.com/lmzuccarelli/golang-oci-mirror/pkg/services/channels.go:115.4,115.37 1 0
github.com/lmzuccarelli/golang-oci-mirror/pkg/services/channels.go:53.26,54.50 1 0
github.com/lmzuccarelli/golang-oci-mirror/pkg/services/channels.go:55.26,56.50 1 0
github.com/lmzuccarelli/golang-oci-mirror/pkg/services/channels.go:57.12,59.13 2 0
github.com/lmzuccarelli/golang-oci-mirror/pkg/services/channels.go:61.18,63.13 2 0
github.com/lmzuccarelli/golang-oci-mirror/pkg/services/channels.go:66.58,69.32 1 0
github.com/lmzuccarelli/golang-oci-mirror/pkg/services/channels.go:92.5,92.32 1 0
github.com/lmzuccarelli/golang-oci-mirror/pkg/services/channels.go:101.5,101.36 1 0
github.com/lmzuccarelli/golang-oci-mirror/pkg/services/channels.go:69.32,71.20 2 0
github.com/lmzuccarelli/golang-oci-mirror/pkg/services/channels.go:77.6,79.53 3 0
github.com/lmzuccarelli/golang-oci-mirror/pkg/services/channels.go:71.20,73.15 2 0
github.com/lmzuccarelli/golang-oci-mirror/pkg/services/channels.go:79.53,87.7 3 0
github.com/lmzuccarelli/golang-oci-mirror/pkg/services/channels.go:92.32,94.20 2 0
github.com/lmzuccarelli/golang-oci-mirror/pkg/services/channels.go:98.6,99.67 2 0
github.com/lmzuccarelli/golang-oci-mirror/pkg/services/channels.go:94.20,96.15 2 0
github.com/lmzuccarelli/golang-oci-mirror/pkg/services/channels.go:102.10,108.5 3 0
github.com/lmzuccarelli/golang-oci-mirror/pkg/services/channels.go:111.18,113.13 2 0
github.com/lmzuccarelli/golang-oci-mirror/pkg/services/channels.go:121.51,123.13 2 0
github.com/lmzuccarelli/golang-oci-mirror/pkg/services/channels.go:123.13,125.5 1 0
github.com/lmzuccarelli/golang-oci-mirror/pkg/services/channels.go:128.44,130.18 2 0
github.com/lmzuccarelli/golang-oci-mirror/pkg/services/channels.go:134.4,135.18 2 0
github.com/lmzuccarelli/golang-oci-mirror/pkg/services/channels.go:139.4,139.40 1 0
github.com/lmzuccarelli/golang-oci-mirror/pkg/services/channels.go:130.18,132.13 2 0
github.com/lmzuccarelli/golang-oci-mirror/pkg/services/channels.go:135.18,137.13 2 0
github.com/lmzuccarelli/golang-oci-mirror/pkg/services/channels.go:148.40,149.23 1 0
github.com/lmzuccarelli/golang-oci-mirror/pkg/services/channels.go:149.23,151.9 2 0
github.com/lmzuccarelli/golang-oci-mirror/pkg/services/channels.go:155.3,155.11 1 0
github.com/lmzuccarelli/golang-oci-mirror/pkg/services/channels.go:151.9,153.12 2 0
github.com/lmzuccarelli/golang-oci-mirror/pkg/services/channels.go:162.193,166.34 3 0
github.com/lmzuccarelli/golang-oci-mirror/pkg/services/channels.go:172.2,172.28 1 0
github.com/lmzuccarelli/golang-oci-mirror/pkg/services/channels.go:211.2,212.16 2 0
github.com/lmzuccarelli/golang-oci-mirror/pkg/services/channels.go:215.2,216.16 2 0
github.com/lmzuccarelli/golang-oci-mirror/pkg/services/channels.go:220.2,221.26 2 0
github.com/lmzuccarelli/golang-oci-mirror/pkg/services/channels.go:243.2,245.26 2 0
github.com/lmzuccarelli/golang-oci-mirror/pkg/services/channels.go:166.34,167.30 1 0
github.com/lmzuccarelli/golang-oci-mirror/pkg/services/channels.go:167.30,169.4 1 0
github.com/lmzuccarelli/golang-oci-mirror/pkg/services/channels.go:172.28,174.50 1 0
github.com/lmzuccarelli/golang-oci-mirror/pkg/services/channels.go:192.3,192.50 1 0
github.com/lmzuccarelli/golang-oci-mirror/pkg/services/channels.go:174.50,176.18 2 0
github.com/lmzuccarelli/golang-oci-mirror/pkg/services/channels.go:179.4,180.18 2 0
github.com/lmzuccarelli/golang-oci-mirror/pkg/services/channels.go:183.4,184.18 2 0
github.com/lmzuccarelli/golang-oci-mirror/pkg/services/channels.go:187.4,188.36 2 0
github.com/lmzuccarelli/golang-oci-mirror/pkg/services/channels.go:176.18,178.5 1 0
github.com/lmzuccarelli/golang-oci-mirror/pkg/services/channels.go:180.18,182.5 1 0
github.com/lmzuccarelli/golang-oci-mirror/pkg/services/channels.go:184.18,186.5 1 0
github.com/lmzuccarelli/golang-oci-mirror/pkg/services/channels.go:192.50,194.18 2 0
github.com/lmzuccarelli/golang-oci-mirror/pkg/services/channels.go:197.4,198.18 2 0
github.com/lmzuccarelli/golang-oci-mirror/pkg/services/channels.go:201.4,202.18 2 0
github.com/lmzuccarelli/golang-oci-mirror/pkg/services/channels.go:205.4,206.36 2 0
github.com/lmzuccarelli/golang-oci-mirror/pkg/services/channels.go:194.18,196.5 1 0
github.com/lmzuccarelli/golang-oci-mirror/pkg/services/channels.go:198.18,200.5 1 0
github.com/lmzuccarelli/golang-oci-mirror/pkg/services/channels.go:202.18,204.5 1 0
github.com/lmzuccarelli/golang-oci-mirror/pkg/services/channels.go:212.16,214.3 1 0
github.com/lmzuccarelli/golang-oci-mirror/pkg/services/channels.go:216.16,218.3 1 0
github.com/lmzuccarelli/golang-oci-mirror/pkg/services/channels.go:221.26,223.17 2 0
github.com/lmzuccarelli/golang-oci-mirror/pkg/services/channels.go:226.3,226.57 1 0
github.com/lmzuccarelli/golang-oci-mirror/pkg/services/channels.go:223.17,225.4 1 0
github.com/lmzuccarelli/golang-oci-mirror/pkg/services/channels.go:228.8,230.17 2 0
github.com/lmzuccarelli/golang-oci-mirror/pkg/services/channels.go:233.3,234.17 2 0
github.com/lmzuccarelli/golang-oci-mirror/pkg/services/channels.go:237.3,238.17 2 0
github.com/lmzuccarelli/golang-oci-mirror/pkg/services/channels.go:241.3,241.83 1 0
github.com/lmzuccarelli/golang-oci-mirror/pkg/services/channels.go:230.17,232.4 1 0
github.com/lmzuccarelli/golang-oci-mirror/pkg/services/channels.go:234.17,236.4 1 0
github.com/lmzuccarelli/golang-oci-mirror/pkg/services/channels.go:238.17,240.4 1 0
github.com/lmzuccarelli/golang-oci-mirror/pkg/services/channels.go:249.169,253.30 2 0
github.com/lmzuccarelli/golang-oci-mirror/pkg/services/channels.go:259.2,259.27 1 0
github.com/lmzuccarelli/golang-oci-mirror/pkg/services/channels.go:263.2,264.16 2 0
github.com/lmzuccarelli/golang-oci-mirror/pkg/services/channels.go:267.2,268.16 2 0
github.com/lmzuccarelli/golang-oci-mirror/pkg/services/channels.go:271.2,272.16 2 0
github.com/lmzuccarelli/golang-oci-mirror/pkg/services/channels.go:275.2,275.53 1 0
github.com/lmzuccarelli/golang-oci-mirror/pkg/services/channels.go:253.30,254.34 1 0
github.com/lmzuccarelli/golang-oci-mirror/pkg/services/channels.go:254.34,256.4 1 0
github.com/lmzuccarelli/golang-oci-mirror/pkg/services/channels.go:259.27,261.3 1 0
github.com/lmzuccarelli/golang-oci-mirror/pkg/services/channels.go:264.16,266.3 1 0
github.com/lmzuccarelli/golang-oci-mirror/pkg/services/channels.go:268.16,270.3 1 0
github.com/lmzuccarelli/golang-oci-mirror/pkg/services/channels.go:272.16,274.3 1 0
github.com/lmzuccarelli/golang-oci-mirror/pkg/services/channels.go:278.94,280.33 2 0
github.com/lmzuccarelli/golang-oci-mirror/pkg/services/channels.go:285.2,285.25 1 0
github.com/lmzuccarelli/golang-oci-mirror/pkg/services/channels.go:289.2,289.24 1 0
github.com/lmzuccarelli/golang-oci-mirror/pkg/services/channels.go:293.2,293.25 1 0
github.com/lmzuccarelli/golang-oci-mirror/pkg/services/channels.go:280.33,283.3 2 0
github.com/lmzuccarelli/golang-oci-mirror/pkg/services/channels.go:285.25,287.3 1 0
github.com/lmzuccarelli/golang-oci-mirror/pkg/services/channels.go:289.24,291.3 1 0
github.com/lmzuccarelli/golang-oci-mirror/pkg/services/release.go:13.62,21.28 5 0
github.com/lmzuccarelli/golang-oci-mirror/pkg/services/release.go:32.2,33.16 2 0
github.com/lmzuccarelli/golang-oci-mirror/pkg/services/release.go:39.2,43.16 4 0
github.com/lmzuccarelli/golang-oci-mirror/pkg/services/release.go:48.2,49.16 2 0
github.com/lmzuccarelli/golang-oci-mirror/pkg/services/release.go:53.2,57.16 4 0
github.com/lmzuccarelli/golang-oci-mirror/pkg/services/release.go:61.2,62.41 2 0
github.com/lmzuccarelli/golang-oci-mirror/pkg/services/release.go:67.2,69.25 3 0
github.com/lmzuccarelli/golang-oci-mirror/pkg/services/release.go:74.2,84.16 4 0
github.com/lmzuccarelli/golang-oci-mirror/pkg/services/release.go:87.2,87.25 1 0
github.com/lmzuccarelli/golang-oci-mirror/pkg/services/release.go:96.2,97.12 2 0
github.com/lmzuccarelli/golang-oci-mirror/pkg/services/release.go:21.28,27.17 5 0
github.com/lmzuccarelli/golang-oci-mirror/pkg/services/release.go:27.17,29.4 1 0
github.com/lmzuccarelli/golang-oci-mirror/pkg/services/release.go:33.16,36.3 2 0
github.com/lmzuccarelli/golang-oci-mirror/pkg/services/release.go:43.16,46.3 2 0
github.com/lmzuccarelli/golang-oci-mirror/pkg/services/release.go:49.16,51.3 1 0
github.com/lmzuccarelli/golang-oci-mirror/pkg/services/release.go:57.16,59.3 1 0
github.com/lmzuccarelli/golang-oci-mirror/pkg/services/release.go:62.41,65.3 2 0
github.com/lmzuccarelli/golang-oci-mirror/pkg/services/release.go:69.25,71.3 1 0
github.com/lmzuccarelli/golang-oci-mirror/pkg/services/release.go:71.8,73.3 1 0
github.com/lmzuccarelli/golang-oci-mirror/pkg/services/release.go:84.16,86.3 1 0
github.com/lmzuccarelli/golang-oci-mirror/pkg/services/release.go:87.25,92.17 5 0
github.com/lmzuccarelli/golang-oci-mirror/pkg/services/release.go:92.17,94.4 1 0
github.com/lmzuccarelli/golang-oci-mirror/pkg/services/collector.go:23.97,32.48 6 1
github.com/lmzuccarelli/golang-oci-mirror/pkg/services/collector.go:44.2,44.33 1 1
github.com/lmzuccarelli/golang-oci-mirror/pkg/services/collector.go:118.2,120.34 3 1
github.com/lmzuccarelli/golang-oci-mirror/pkg/services/collector.go:123.2,129.25 5 1
github.com/lmzuccarelli/golang-oci-mirror/pkg/services/collector.go:134.2,134.30 1 1
github.com/lmzuccarelli/golang-oci-mirror/pkg/services/collector.go:32.48,34.36 2 1
github.com/lmzuccarelli/golang-oci-mirror/pkg/services/collector.go:34.36,36.41 2 1
github.com/lmzuccarelli/golang-oci-mirror/pkg/services/collector.go:36.41,39.5 2 1
github.com/lmzuccarelli/golang-oci-mirror/pkg/services/collector.go:44.33,46.48 2 1
github.com/lmzuccarelli/golang-oci-mirror/pkg/services/collector.go:46.48,48.19 1 1
github.com/lmzuccarelli/golang-oci-mirror/pkg/services/collector.go:103.4,103.29 1 1
github.com/lmzuccarelli/golang-oci-mirror/pkg/services/collector.go:48.19,55.19 6 1
github.com/lmzuccarelli/golang-oci-mirror/pkg/services/collector.go:59.5,60.19 2 1
github.com/lmzuccarelli/golang-oci-mirror/pkg/services/collector.go:65.5,65.32 1 1
github.com/lmzuccarelli/golang-oci-mirror/pkg/services/collector.go:72.5,77.19 4 1
github.com/lmzuccarelli/golang-oci-mirror/pkg/services/collector.go:83.5,84.19 2 1
github.com/lmzuccarelli/golang-oci-mirror/pkg/services/collector.go:88.5,95.19 4 1
github.com/lmzuccarelli/golang-oci-mirror/pkg/services/collector.go:55.19,57.6 1 0
github.com/lmzuccarelli/golang-oci-mirror/pkg/services/collector.go:60.19,62.6 1 0
github.com/lmzuccarelli/golang-oci-mirror/pkg/services/collector.go:65.32,67.6 1 0
github.com/lmzuccarelli/golang-oci-mirror/pkg/services/collector.go:67.11,68.62 1 1
github.com/lmzuccarelli/golang-oci-mirror/pkg/services/collector.go:68.62,70.7 1 0
github.com/lmzuccarelli/golang-oci-mirror/pkg/services/collector.go:77.19,79.6 1 0
github.com/lmzuccarelli/golang-oci-mirror/pkg/services/collector.go:84.19,86.6 1 0
github.com/lmzuccarelli/golang-oci-mirror/pkg/services/collector.go:95.19,97.6 1 0
github.com/lmzuccarelli/golang-oci-mirror/pkg/services/collector.go:103.29,105.19 2 1
github.com/lmzuccarelli/golang-oci-mirror/pkg/services/collector.go:105.19,107.6 1 0
github.com/lmzuccarelli/golang-oci-mirror/pkg/services/collector.go:108.10,111.19 2 1
github.com/lmzuccarelli/golang-oci-mirror/pkg/services/collector.go:111.19,113.6 1 0
github.com/lmzuccarelli/golang-oci-mirror/pkg/services/collector.go:120.34,122.3 1 0
github.com/lmzuccarelli/golang-oci-mirror/pkg/services/collector.go:129.25,133.3 3 0
github.com/lmzuccarelli/golang-oci-mirror/pkg/services/collector.go:138.78,140.22 2 1
github.com/lmzuccarelli/golang-oci-mirror/pkg/services/collector.go:145.2,145.10 1 1
github.com/lmzuccarelli/golang-oci-mirror/pkg/services/collector.go:140.22,141.24 1 0
github.com/lmzuccarelli/golang-oci-mirror/pkg/services/collector.go:141.24,143.4 1 0
